// Vitest Snapshot v1, https://vitest.dev/guide/snapshot.html

exports[`Tabbar > renders correct structure (snapshot) 1`] = `
<div
  class="h-8 bg-zinc-800 flex items-center px-2 overflow-x-auto"
  data-testid="tabbar"
>
  <div
    class="flex gap-1 text-sm text-white"
  >
    <button
      class="px-2 py-1 text-xs opacity-50 hover:opacity-100"
    >
      +
    </button>
  </div>
</div>
`;
